  pch.cpp
  AIMovementComponent.cpp
  CameraComponent.cpp
C:\Users\User\Desktop\ᅟ\Works\cpp\2dGame\XYZEngine\CameraComponent.cpp(33,44): warning C4244: 'argument': conversion from 'int' to 'T', possible loss of data
C:\Users\User\Desktop\ᅟ\Works\cpp\2dGame\XYZEngine\CameraComponent.cpp(33,44): warning C4244:         with
C:\Users\User\Desktop\ᅟ\Works\cpp\2dGame\XYZEngine\CameraComponent.cpp(33,44): warning C4244:         [
C:\Users\User\Desktop\ᅟ\Works\cpp\2dGame\XYZEngine\CameraComponent.cpp(33,44): warning C4244:             T=float
C:\Users\User\Desktop\ᅟ\Works\cpp\2dGame\XYZEngine\CameraComponent.cpp(33,44): warning C4244:         ]
  (compiling source file '/CameraComponent.cpp')
  
C:\Users\User\Desktop\ᅟ\Works\cpp\2dGame\XYZEngine\CameraComponent.cpp(33,37): warning C4244: 'argument': conversion from 'int' to 'T', possible loss of data
C:\Users\User\Desktop\ᅟ\Works\cpp\2dGame\XYZEngine\CameraComponent.cpp(33,37): warning C4244:         with
C:\Users\User\Desktop\ᅟ\Works\cpp\2dGame\XYZEngine\CameraComponent.cpp(33,37): warning C4244:         [
C:\Users\User\Desktop\ᅟ\Works\cpp\2dGame\XYZEngine\CameraComponent.cpp(33,37): warning C4244:             T=float
C:\Users\User\Desktop\ᅟ\Works\cpp\2dGame\XYZEngine\CameraComponent.cpp(33,37): warning C4244:         ]
  (compiling source file '/CameraComponent.cpp')
  
  ColliderComponent.cpp
  Collision.cpp
  Component.cpp
  Engine.cpp
C:\Users\User\Desktop\ᅟ\Works\cpp\2dGame\XYZEngine\Engine.h(2,9): warning C4005: 'NOMINMAX': macro redefinition
  (compiling source file '/Engine.cpp')
      C:\Users\User\Desktop\ᅟ\Works\cpp\2dGame\XYZEngine\Engine.h(2,9):
      'NOMINMAX' previously declared on the command line
  
  GameObject.cpp
  GameWorld.cpp
C:\Users\User\Desktop\ᅟ\Works\cpp\2dGame\XYZEngine\GameWorld.cpp(29,16): warning C4267: 'initializing': conversion from 'size_t' to 'int', possible loss of data
  (compiling source file '/GameWorld.cpp')
  
C:\Users\User\Desktop\ᅟ\Works\cpp\2dGame\XYZEngine\GameWorld.cpp(68,16): warning C4267: 'initializing': conversion from 'size_t' to 'int', possible loss of data
  (compiling source file '/GameWorld.cpp')
  
  InputComponent.cpp
  Matrix2D.cpp
  MovementComponent.cpp
  PhysicsSystem.cpp
  ProjectileMovementComponent.cpp
  RenderSystem.cpp
  ResourceSystem.cpp
C:\Users\User\Desktop\ᅟ\Works\cpp\2dGame\XYZEngine\ResourceSystem.cpp(67,27): warning C4018: '<=': signed/unsigned mismatch
  (compiling source file '/ResourceSystem.cpp')
  
C:\Users\User\Desktop\ᅟ\Works\cpp\2dGame\XYZEngine\ResourceSystem.cpp(73,31): warning C4018: '<=': signed/unsigned mismatch
  (compiling source file '/ResourceSystem.cpp')
  
C:\Users\User\Desktop\ᅟ\Works\cpp\2dGame\XYZEngine\ResourceSystem.cpp(99,23): warning C4018: '<=': signed/unsigned mismatch
  (compiling source file '/ResourceSystem.cpp')
  
C:\Users\User\Desktop\ᅟ\Works\cpp\2dGame\XYZEngine\ResourceSystem.cpp(105,27): warning C4018: '<=': signed/unsigned mismatch
  (compiling source file '/ResourceSystem.cpp')
  
C:\Users\User\Desktop\ᅟ\Works\cpp\2dGame\XYZEngine\ResourceSystem.cpp(139,25): warning C4267: 'return': conversion from 'size_t' to 'int', possible loss of data
  (compiling source file '/ResourceSystem.cpp')
  
  RigidbodyComponent.cpp
  SoundComponent.cpp
  Sprite.cpp
  SpriteColliderComponent.cpp
  SpriteDirectionComponent.cpp
  Generating Code...
  Compiling...
  SpriteMovementAnimationComponent.cpp
  SpriteRendererComponent.cpp
  TransformComponent.cpp
C:\Users\User\Desktop\ᅟ\Works\cpp\2dGame\XYZEngine\TransformComponent.cpp(70,36): warning C4244: 'argument': conversion from 'double' to 'float', possible loss of data
  (compiling source file '/TransformComponent.cpp')
  
C:\Users\User\Desktop\ᅟ\Works\cpp\2dGame\XYZEngine\TransformComponent.cpp(71,26): warning C4244: 'return': conversion from 'double' to 'float', possible loss of data
  (compiling source file '/TransformComponent.cpp')
  
C:\Users\User\Desktop\ᅟ\Works\cpp\2dGame\XYZEngine\TransformComponent.cpp(247,13): warning C4244: '=': conversion from 'double' to 'float', possible loss of data
  (compiling source file '/TransformComponent.cpp')
  
C:\Users\User\Desktop\ᅟ\Works\cpp\2dGame\XYZEngine\TransformComponent.cpp(262,13): warning C4244: '=': conversion from 'double' to 'float', possible loss of data
  (compiling source file '/TransformComponent.cpp')
  
  Trigger.cpp
  Generating Code...
  XYZEngine.vcxproj -> C:\Users\User\Desktop\ᅟ\Works\cpp\2dGame\XYZRoguelike\x64\Debug\XYZEngine.lib
